// Jest Snapshot v1, https://goo.gl/fbAQLP

exports[`probando el GridItem should show the component correctly 1`] = `
<div
  className="card animate__animated animate__fadeIn"
>
  <img
    alt="titulo"
    src="https://fakeurl.com/notfound.jpg"
  />
  <p>
    titulo
  </p>
</div>
`;
