// Jest Snapshot v1, https://goo.gl/fbAQLP

exports[`Pruebas en LoginScreen should de mostrar el componente 1`] = `<LoginScreen />`;
